// Jest Snapshot v1, https://goo.gl/fbAQLP

exports[`UserList should render the component 1`] = `
<div>
  <div
    class="searchContainer"
  >
    <span
      class="searchContainerIcon"
    >
      ðŸ”Žï¸Ž
    </span>
    <input
      class="userDisplaySearchBar"
      placeholder="Search User By Name"
    />
  </div>
  <div
    class="userListDisplayContainer"
  >
    <ul>
      <div
        class="userDisplayBasicInfoTitle"
      >
        <p
          class="userDisplayItemBlank"
        >
          Â 
        </p>
        <p
          class="userDisplayItemTitle"
        >
          <span>
            NAME â‡…
          </span>
        </p>
        <p
          class="userDisplayItemTitle"
        >
          <span>
            USERNAME â‡…
          </span>
        </p>
        <p
          class="userDisplayItemTitle"
        >
          <span>
            EMAIL â‡…
          </span>
        </p>
        <p
          class="userDisplayItemTitle"
        >
          <span>
            PHONE NUMBER â‡…
          </span>
        </p>
      </div>
      <div
        class="userDisplayBasicInfoEven"
      >
        <img
          alt="User Avatar"
          class="userListUserAvatar"
          data-nimg="1"
          decoding="async"
          height="24"
          loading="lazy"
          src="/_next/image?url=%2Fimg.jpg&w=48&q=75"
          srcset="/_next/image?url=%2Fimg.jpg&w=32&q=75 1x, /_next/image?url=%2Fimg.jpg&w=48&q=75 2x"
          style="color: transparent;"
          width="24"
        />
        <p
          class="userDisplayItem"
        >
          Leanne Graham
        </p>
        <p
          class="userDisplayItem"
        >
          Bret
        </p>
        <p
          class="userDisplayItem"
        >
          Sincere@april.biz
        </p>
        <p
          class="userDisplayItem"
        >
          1-770-736-8031 x56442
        </p>
      </div>
      <div
        class="userDisplayBasicInfoOdd"
      >
        <img
          alt="User Avatar"
          class="userListUserAvatar"
          data-nimg="1"
          decoding="async"
          height="24"
          loading="lazy"
          src="/_next/image?url=%2Fimg.jpg&w=48&q=75"
          srcset="/_next/image?url=%2Fimg.jpg&w=32&q=75 1x, /_next/image?url=%2Fimg.jpg&w=48&q=75 2x"
          style="color: transparent;"
          width="24"
        />
        <p
          class="userDisplayItem"
        >
          Ervin Howell
        </p>
        <p
          class="userDisplayItem"
        >
          Antonette
        </p>
        <p
          class="userDisplayItem"
        >
          Shanna@melissa.tv
        </p>
        <p
          class="userDisplayItem"
        >
          010-692-6593 x09125
        </p>
      </div>
    </ul>
  </div>
</div>
`;
