// Jest Snapshot v1, https://goo.gl/fbAQLP

exports[`Loading Spinner renders the loading spinner in a snapshot 1`] = `
<div>
  <div
    class="userManagementLoader"
  />
</div>
`;
